MAP
	NAME "mapproxy source imagery"
	CONFIG "MS_ERRORFILE" "/home/pnorman/mapproxy/log/mapserv.txt"
	DEBUG 0
	EXTENT -20037508.3428 -20037508.3428 20037508.3428 20037508.3428
	IMAGECOLOR 0 0 0
	IMAGETYPE png
	MAXSIZE 4000
	STATUS ON
	PROJECTION
		"init=epsg:3857"
	END
	WEB
		METADATA
			"ows_enable_request" "*"
		END
	END
	LAYER
		STATUS ON
		TYPE RASTER
		NAME "niger_mar_2010_321"
		DATA "/home/pnorman/imagery/hot/mali/niger_mar_2010_321.tif"
		PROCESSING "RESAMPLE=BILINEAR"
	END
	LAYER
		STATUS ON
		TYPE RASTER
		NAME "niger_mar_2010_432"
		DATA "/home/pnorman/imagery/hot/mali/niger_mar_2010_432.tif"
		PROCESSING "RESAMPLE=BILINEAR"
	END
	LAYER
		STATUS ON
		TYPE RASTER
		NAME "niger_mar_2010_742"
		DATA "/home/pnorman/imagery/hot/mali/niger_mar_2010_742.tif"
		PROCESSING "RESAMPLE=BILINEAR"
	END

	LAYER
		STATUS ON
		TYPE RASTER
		NAME "niger_oct_2012_321"
		DATA "/home/pnorman/imagery/hot/mali/niger_oct_2012_321.tif"
		PROCESSING "RESAMPLE=BILINEAR"
	END
	LAYER
		STATUS ON
		TYPE RASTER
		NAME "niger_oct_2012_432"
		DATA "/home/pnorman/imagery/hot/mali/niger_oct_2012_432.tif"
		PROCESSING "RESAMPLE=BILINEAR"
	END
	LAYER
		STATUS ON
		TYPE RASTER
		NAME "niger_oct_2012_742"
		DATA "/home/pnorman/imagery/hot/mali/niger_oct_2012_742.tif"
		PROCESSING "RESAMPLE=BILINEAR"
	END

	LAYER
		STATUS ON
		TYPE RASTER
		NAME "bc_landsat_oct_2012_321"
		DATA "/home/pnorman/imagery/bc/bc_landsat_oct_2012_321.tif"
		PROCESSING "RESAMPLE=BILINEAR"
		PROCESSING "LUT=31:75, 63:179, 95:210, 127:224, 159:237, 191:244, 223:251"
	END
	LAYER
		STATUS ON
		TYPE RASTER
		NAME "bc_landsat_oct_2012_432"
		DATA "/home/pnorman/imagery/bc/bc_landsat_oct_2012_432.tif"
		PROCESSING "RESAMPLE=BILINEAR"
		PROCESSING "LUT=31:75, 63:179, 95:210, 127:224, 159:237, 191:244, 223:251"
	END
	LAYER
		STATUS ON
		TYPE RASTER
		NAME "bc_landsat_oct_2012_742"
		DATA "/home/pnorman/imagery/bc/bc_landsat_oct_2012_742.tif"
		PROCESSING "RESAMPLE=BILINEAR"
		PROCESSING "LUT=31:75, 63:179, 95:210, 127:224, 159:237, 191:244, 223:251"
	END

	LAYER
		STATUS ON
		TYPE RASTER
		NAME "madagascar_mar_4_2013"
		DATA "/home/pnorman/imagery/hot/madagascar/aster_mar_4_2013.tif"
		PROCESSING "RESAMPLE=BILINEAR"
	END

	LAYER
		STATUS ON
		TYPE RASTER
		NAME "asian_islands1"
		TILEINDEX "/home/pnorman/imagery/orbview/asian_islands1.shp"
		TILEITEM "Location"
		PROCESSING "LUT=31:31,63:68,95:113,127:161,159:204,191:236,191:236"
	END

	OUTPUTFORMAT
		NAME "png"
		DRIVER AGG/PNG
		MIMETYPE "image/png"
		IMAGEMODE RGBA
		EXTENSION "png"
		TRANSPARENT ON
	END
END
