MAP
	NAME "mapproxy source imagery"
	CONFIG "MS_ERRORFILE" "/home/pnorman/mapproxy/log/mapserv.txt"
	DEBUG 0
	EXTENT -20037508.3428 -20037508.3428 20037508.3428 20037508.3428
	IMAGECOLOR 0 0 0
	IMAGETYPE png
	MAXSIZE 4000
	STATUS ON
	PROJECTION
		"init=epsg:3857"
	END
	WEB
		METADATA
			"ows_enable_request" "*"
		END
	END
	LAYER
		STATUS ON
		TYPE RASTER
		NAME "niger_mar_2010_321"
		DATA "/home/pnorman/imagery/hot/mali/niger_mar_2010_321.tif"
		PROCESSING "RESAMPLE=BILINEAR"
	END
	LAYER
		STATUS ON
		TYPE RASTER
		NAME "niger_mar_2010_432"
		DATA "/home/pnorman/imagery/hot/mali/niger_mar_2010_432.tif"
		PROCESSING "RESAMPLE=BILINEAR"
	END
	LAYER
		STATUS ON
		TYPE RASTER
		NAME "niger_mar_2010_742"
		DATA "/home/pnorman/imagery/hot/mali/niger_mar_2010_742.tif"
		PROCESSING "RESAMPLE=BILINEAR"
	END

	LAYER
		STATUS ON
		TYPE RASTER
		NAME "niger_oct_2012_321"
		DATA "/home/pnorman/imagery/hot/mali/niger_oct_2012_321.tif"
		PROCESSING "RESAMPLE=BILINEAR"
	END
	LAYER
		STATUS ON
		TYPE RASTER
		NAME "niger_oct_2012_432"
		DATA "/home/pnorman/imagery/hot/mali/niger_oct_2012_432.tif"
		PROCESSING "RESAMPLE=BILINEAR"
	END
	LAYER
		STATUS ON
		TYPE RASTER
		NAME "niger_oct_2012_742"
		DATA "/home/pnorman/imagery/hot/mali/niger_oct_2012_742.tif"
		PROCESSING "RESAMPLE=BILINEAR"
	END

	LAYER
		STATUS ON
		TYPE RASTER
		NAME "bc_landsat_oct_2012_321"
		DATA "/home/pnorman/imagery/bc/bc_landsat_oct_2012_321.tif"
		PROCESSING "RESAMPLE=BILINEAR"
		PROCESSING "LUT=31:76, 63:145, 95:194, 127:221, 159:239, 191:249, 223:253"
	END

	OUTPUTFORMAT
		NAME "png"
		DRIVER AGG/PNG
		MIMETYPE "image/png"
		IMAGEMODE RGBA
		EXTENSION "png"
		TRANSPARENT ON
	END
END
